// Jest Snapshot v1, https://goo.gl/fbAQLP

exports[`renders correctly 1`] = `
<View
  style={
    Object {
      "flex": 0.7,
      "flexDirection": "column",
      "justifyContent": "flex-start",
    }
  }
>
  <View
    style={
      Object {
        "alignItems": "center",
        "flex": 0.1,
        "flexDirection": "row",
        "justifyContent": "center",
        "marginTop": "1%",
      }
    }
  >
    <Text
      accessible={true}
      allowFontScaling={true}
      ellipsizeMode="tail"
      style={
        Object {
          "color": "rgb(50, 50, 50)",
          "flex": 1,
          "fontSize": 30,
          "fontWeight": "bold",
          "textAlign": "center",
          "textShadowOffset": Object {
            "height": 1,
            "width": 1,
          },
        }
      }
    >
      5 
      +
       6 = 
      
    </Text>
  </View>
  <View
    style={
      Object {
        "flex": 1,
        "flexDirection": "column",
        "justifyContent": "space-around",
        "paddingBottom": "5%",
        "paddingTop": "5%",
      }
    }
  >
    <View
      style={
        Object {
          "alignItems": "center",
          "justifyContent": "center",
          "marginLeft": "2%",
          "marginRight": "2%",
        }
      }
    >
      <View
        accessibilityComponentType={undefined}
        accessibilityLabel={undefined}
        accessibilityTraits={undefined}
        accessible={true}
        collapsable={undefined}
        hasTVPreferredFocus={undefined}
        hitSlop={undefined}
        isTVSelectable={true}
        nativeID={undefined}
        onLayout={undefined}
        onResponderGrant={[Function]}
        onResponderMove={[Function]}
        onResponderRelease={[Function]}
        onResponderTerminate={[Function]}
        onResponderTerminationRequest={[Function]}
        onStartShouldSetResponder={[Function]}
        style={
          Object {
            "alignItems": "center",
            "alignSelf": "stretch",
            "backgroundColor": "#9b59b6",
            "borderColor": "#333",
            "borderRadius": 10,
            "borderWidth": 3,
            "flexDirection": "row",
            "height": 44,
            "justifyContent": "center",
            "marginBottom": 10,
            "opacity": 1,
          }
        }
        testID={undefined}
        tvParallaxProperties={undefined}
      >
        <View
          style={
            Object {
              "alignItems": "center",
              "flexDirection": "row",
              "justifyContent": "center",
              "width": "100%",
            }
          }
        >
          <Text
            accessible={true}
            allowFontScaling={true}
            ellipsizeMode="tail"
            style={
              Object {
                "color": "#fff",
                "flex": 1,
                "fontSize": 30,
                "fontWeight": "bold",
                "lineHeight": 100,
                "textAlign": "center",
                "textShadowOffset": Object {
                  "height": 5,
                  "width": 5,
                },
                "textShadowRadius": 6,
              }
            }
          >
            14
          </Text>
        </View>
      </View>
    </View>
    <View
      style={
        Object {
          "alignItems": "center",
          "justifyContent": "center",
          "marginLeft": "2%",
          "marginRight": "2%",
        }
      }
    >
      <View
        accessibilityComponentType={undefined}
        accessibilityLabel={undefined}
        accessibilityTraits={undefined}
        accessible={true}
        collapsable={undefined}
        hasTVPreferredFocus={undefined}
        hitSlop={undefined}
        isTVSelectable={true}
        nativeID={undefined}
        onLayout={undefined}
        onResponderGrant={[Function]}
        onResponderMove={[Function]}
        onResponderRelease={[Function]}
        onResponderTerminate={[Function]}
        onResponderTerminationRequest={[Function]}
        onStartShouldSetResponder={[Function]}
        style={
          Object {
            "alignItems": "center",
            "alignSelf": "stretch",
            "backgroundColor": "#9b59b6",
            "borderColor": "#333",
            "borderRadius": 10,
            "borderWidth": 3,
            "flexDirection": "row",
            "height": 44,
            "justifyContent": "center",
            "marginBottom": 10,
            "opacity": 1,
          }
        }
        testID={undefined}
        tvParallaxProperties={undefined}
      >
        <View
          style={
            Object {
              "alignItems": "center",
              "flexDirection": "row",
              "justifyContent": "center",
              "width": "100%",
            }
          }
        >
          <Text
            accessible={true}
            allowFontScaling={true}
            ellipsizeMode="tail"
            style={
              Object {
                "color": "#fff",
                "flex": 1,
                "fontSize": 30,
                "fontWeight": "bold",
                "lineHeight": 100,
                "textAlign": "center",
                "textShadowOffset": Object {
                  "height": 5,
                  "width": 5,
                },
                "textShadowRadius": 6,
              }
            }
          >
            18
          </Text>
        </View>
      </View>
    </View>
    <View
      style={
        Object {
          "alignItems": "center",
          "justifyContent": "center",
          "marginLeft": "2%",
          "marginRight": "2%",
        }
      }
    >
      <View
        accessibilityComponentType={undefined}
        accessibilityLabel={undefined}
        accessibilityTraits={undefined}
        accessible={true}
        collapsable={undefined}
        hasTVPreferredFocus={undefined}
        hitSlop={undefined}
        isTVSelectable={true}
        nativeID={undefined}
        onLayout={undefined}
        onResponderGrant={[Function]}
        onResponderMove={[Function]}
        onResponderRelease={[Function]}
        onResponderTerminate={[Function]}
        onResponderTerminationRequest={[Function]}
        onStartShouldSetResponder={[Function]}
        style={
          Object {
            "alignItems": "center",
            "alignSelf": "stretch",
            "backgroundColor": "#9b59b6",
            "borderColor": "#333",
            "borderRadius": 10,
            "borderWidth": 3,
            "flexDirection": "row",
            "height": 44,
            "justifyContent": "center",
            "marginBottom": 10,
            "opacity": 1,
          }
        }
        testID={undefined}
        tvParallaxProperties={undefined}
      >
        <View
          style={
            Object {
              "alignItems": "center",
              "flexDirection": "row",
              "justifyContent": "center",
              "width": "100%",
            }
          }
        >
          <Text
            accessible={true}
            allowFontScaling={true}
            ellipsizeMode="tail"
            style={
              Object {
                "color": "#fff",
                "flex": 1,
                "fontSize": 30,
                "fontWeight": "bold",
                "lineHeight": 100,
                "textAlign": "center",
                "textShadowOffset": Object {
                  "height": 5,
                  "width": 5,
                },
                "textShadowRadius": 6,
              }
            }
          >
            11
          </Text>
        </View>
      </View>
    </View>
    <View
      style={
        Object {
          "alignItems": "center",
          "justifyContent": "center",
          "marginLeft": "2%",
          "marginRight": "2%",
        }
      }
    >
      <View
        accessibilityComponentType={undefined}
        accessibilityLabel={undefined}
        accessibilityTraits={undefined}
        accessible={true}
        collapsable={undefined}
        hasTVPreferredFocus={undefined}
        hitSlop={undefined}
        isTVSelectable={true}
        nativeID={undefined}
        onLayout={undefined}
        onResponderGrant={[Function]}
        onResponderMove={[Function]}
        onResponderRelease={[Function]}
        onResponderTerminate={[Function]}
        onResponderTerminationRequest={[Function]}
        onStartShouldSetResponder={[Function]}
        style={
          Object {
            "alignItems": "center",
            "alignSelf": "stretch",
            "backgroundColor": "#9b59b6",
            "borderColor": "#333",
            "borderRadius": 10,
            "borderWidth": 3,
            "flexDirection": "row",
            "height": 44,
            "justifyContent": "center",
            "marginBottom": 10,
            "opacity": 1,
          }
        }
        testID={undefined}
        tvParallaxProperties={undefined}
      >
        <View
          style={
            Object {
              "alignItems": "center",
              "flexDirection": "row",
              "justifyContent": "center",
              "width": "100%",
            }
          }
        >
          <Text
            accessible={true}
            allowFontScaling={true}
            ellipsizeMode="tail"
            style={
              Object {
                "color": "#fff",
                "flex": 1,
                "fontSize": 30,
                "fontWeight": "bold",
                "lineHeight": 100,
                "textAlign": "center",
                "textShadowOffset": Object {
                  "height": 5,
                  "width": 5,
                },
                "textShadowRadius": 6,
              }
            }
          >
            17
          </Text>
        </View>
      </View>
    </View>
  </View>
</View>
`;
